// Jest Snapshot v1, https://goo.gl/fbAQLP

exports[`App renders the app component correctly 1`] = `
<div
  className="app"
>
  <p
    className="heading"
  >
    Let's do some math!
  </p>
  <div
    className="calculator-board"
    style={
      Object {
        "width": 700,
      }
    }
  >
    <div
      className="display"
    >
      0
    </div>
    <div
      className="button-panel"
    >
      <div
        className="button-group"
      >
        <button
          className="button"
          onClick={[Function]}
          style={
            Object {
              "backgroundColor": "#e0e0e0",
              "width": "25%",
            }
          }
          type="button"
        >
          AC
        </button>
        <button
          className="button"
          onClick={[Function]}
          style={
            Object {
              "backgroundColor": "#e0e0e0",
              "width": "25%",
            }
          }
          type="button"
        >
          +/-
        </button>
        <button
          className="button"
          onClick={[Function]}
          style={
            Object {
              "backgroundColor": "#e0e0e0",
              "width": "25%",
            }
          }
          type="button"
        >
          %
        </button>
        <button
          className="button"
          onClick={[Function]}
          style={
            Object {
              "backgroundColor": "#e3913e",
              "width": "25%",
            }
          }
          type="button"
        >
          รท
        </button>
      </div>
      <div
        className="button-group"
      >
        <button
          className="button"
          onClick={[Function]}
          style={
            Object {
              "backgroundColor": "#e0e0e0",
              "width": "25%",
            }
          }
          type="button"
        >
          7
        </button>
        <button
          className="button"
          onClick={[Function]}
          style={
            Object {
              "backgroundColor": "#e0e0e0",
              "width": "25%",
            }
          }
          type="button"
        >
          8
        </button>
        <button
          className="button"
          onClick={[Function]}
          style={
            Object {
              "backgroundColor": "#e0e0e0",
              "width": "25%",
            }
          }
          type="button"
        >
          9
        </button>
        <button
          className="button"
          onClick={[Function]}
          style={
            Object {
              "backgroundColor": "#e3913e",
              "width": "25%",
            }
          }
          type="button"
        >
          x
        </button>
      </div>
      <div
        className="button-group"
      >
        <button
          className="button"
          onClick={[Function]}
          style={
            Object {
              "backgroundColor": "#e0e0e0",
              "width": "25%",
            }
          }
          type="button"
        >
          4
        </button>
        <button
          className="button"
          onClick={[Function]}
          style={
            Object {
              "backgroundColor": "#e0e0e0",
              "width": "25%",
            }
          }
          type="button"
        >
          5
        </button>
        <button
          className="button"
          onClick={[Function]}
          style={
            Object {
              "backgroundColor": "#e0e0e0",
              "width": "25%",
            }
          }
          type="button"
        >
          6
        </button>
        <button
          className="button"
          onClick={[Function]}
          style={
            Object {
              "backgroundColor": "#e3913e",
              "width": "25%",
            }
          }
          type="button"
        >
          -
        </button>
      </div>
      <div
        className="button-group"
      >
        <button
          className="button"
          onClick={[Function]}
          style={
            Object {
              "backgroundColor": "#e0e0e0",
              "width": "25%",
            }
          }
          type="button"
        >
          1
        </button>
        <button
          className="button"
          onClick={[Function]}
          style={
            Object {
              "backgroundColor": "#e0e0e0",
              "width": "25%",
            }
          }
          type="button"
        >
          2
        </button>
        <button
          className="button"
          onClick={[Function]}
          style={
            Object {
              "backgroundColor": "#e0e0e0",
              "width": "25%",
            }
          }
          type="button"
        >
          3
        </button>
        <button
          className="button"
          onClick={[Function]}
          style={
            Object {
              "backgroundColor": "#e3913e",
              "width": "25%",
            }
          }
          type="button"
        >
          +
        </button>
      </div>
      <div
        className="button-group"
      >
        <button
          className="button"
          onClick={[Function]}
          style={
            Object {
              "backgroundColor": "#e0e0e0",
              "width": "50%",
            }
          }
          type="button"
        >
          0
        </button>
        <button
          className="button"
          onClick={[Function]}
          style={
            Object {
              "backgroundColor": "#e0e0e0",
              "width": "25%",
            }
          }
          type="button"
        >
          .
        </button>
        <button
          className="button"
          onClick={[Function]}
          style={
            Object {
              "backgroundColor": "#e3913e",
              "width": "25%",
            }
          }
          type="button"
        >
          =
        </button>
      </div>
    </div>
  </div>
</div>
`;
