// Jest Snapshot v1, https://goo.gl/fbAQLP

exports[`Display Render the display component  correctly 1`] = `
<div
  className="display"
>
  0
</div>
`;
