// Jest Snapshot v1, https://goo.gl/fbAQLP

exports[`Home Component renders the title text of the Home page 1`] = `
<h2
  class="heading"
  data-testid="home-heading"
>
  Welcome to our Page!
</h2>
`;
